
< file1 grep a > file2 | sleep 5 | < nexistepas cat
bash: nexistepas: No such file or directory
mais l'execution se fait a gauche après que les fichiers ont tenté detre ouvert, puis sleep, ...

< hgjgh cat | hjk | < hkhkjhk cat
bash: hgjgh: No such file or directory
bash: hkhkjhk: No such file or directory
bash: hjk: command not found

ls | zkl | < hjjhk cat
bash: zkl: command not found
bash: hjjhk: No such file or directory

< hgjgh cat | hjk | kjh | < hkhkjhk cat
bash: hgjgh: No such file or directory
bash: hjk: command not found
bash: hkhkjhk: No such file or directory
bash: kjh: command not found

 < file1 cat | hjk | kjh | < hkhkjhk cat
bash: hjk: command not found
bash: kjh: command not found
bash: hkhkjhk: No such file or directory

bash-3.2$ echo toto > toto | cat | grep a

bash-3.2$ cat | grep a

bash-3.2$ <file FARG=memo >$FARG

bash-3.2$ <<$TYUZ TYUZ=tifu >$TYUZ | echo test
> jlkjfl
> memo
> tifu
> $TYUZ
test
bash-3.2$ <<"$TYUZ" TYUZ=tifu >$TYUZ | echo test
> lkejlkj
> tifu
> "$TYUZ"
> $TYUZ
test
bash-3.2$ <<TY"UZ" TYUZ=tifu >$TYUZ | echo test
> kjklj
> TY
> UZ
> TYUZ
test
bash-3.2$ <<TY"UZ" TYUZ=tifu >$TYUZ | echo test
> TY"UZ"
> TYUZ

bash-3.2$ export tatata ; env | grep tatata
bash-3.2$ export tututu= ; env | grep tututu

bash-3.2$ echo $ARG
ARG
bash-3.2$ export $"$ARG"=78
bash-3.2$ echo $ARG
78

fonction ps pour lister les tty
fonction tty pour savoir le tty courant
kill -9 <PID_ID> pour kill le tty "zombie" (au cas où)


bash-3.2$ sleep 10 && <<here cat

bash-3.2$ cat | echo test
test
lkj

lsof | grep pidid

bash-3.2$ <file (ls)
bash: syntax error near unexpected token `('

bash-3.2$ echo <>
bash: syntax error near unexpected token `newline'
bash-3.2$ echo "<"
<
bash-3.2$ echo <"<"
bash: <: No such file or directory

bash-3.2$ echo >file5 test >file6 reussi
bash-3.2$ 
infile file5 : test reussi

msh-0.1> echo <file5 test >file6 reussi

bash-3.2$ echo oui && echo non || echo stop
oui
non
bash-3.2$ echo $poi && echo non || echo stop

non
bash-3.2$ jkljkj && echo non || echo stop
bash: jkljkj: command not found
stop
bash-3.2$ jkljkj && echo non && echo cool || echo stop
bash: jkljkj: command not found
stop
bash-3.2$ jkljkj && echo non && echo cool || echo stop && echo basta
bash: jkljkj: command not found
stop
basta
bash-3.2$ jkljkj && echo non && echo cool || lkjlj && echo basta
bash: jkljkj: command not found
bash: lkjlj: command not found
bash-3.2$ jkljkj && echo non && echo cool || lkjlj && echo basta || echo nothing
bash: jkljkj: command not found
bash: lkjlj: command not found
nothing
bash-3.2$ ls | grep nexistepas || echo non && echo basta
non
basta
bash-3.2$ (ls | grep nexistepas) || echo non && echo basta
non
basta
bash-3.2$ (ls | grep file) || echo non && echo basta
file_command
basta

bash-3.2$ echo test | ARG=42 && echo $ARG

bash-3.2$ echo test | (ARG=42 && echo $ARG)
42
bash-3.2$ ARG=42 && echo VIVE | echo $ARG 
42
bash-3.2$ unset ARG
bash-3.2$ (ARG=42 && echo VIVE) | echo $ARG 

bash-3.2$ echo test | echo | hkhjhk | echo && echo reussi
bash-3.2$ echo test | echo | hkhjhk | kjhkhkj && echo dommage

bash-3.2$ echo $"?ab"c
?abc
bash-3.2$ echo $'?ab'c
?abc
bash-3.2$ echo $?'?ab'c
0?abc

bash-3.2$ file=newfile >$file 
fichier newfile existe
bash-3.2$ >$file2 file2=newfile2
fichier newfile2 existe aussi

bash-3.2$ echo $?
0
bash-3.2$ echo $"?"
?
bash-3.2$ echo $'?'
?

bash-3.2$ arg=ok
bash-3.2$ ok=deux
bash-3.2$ echo $"$arg"
ok
bash-3.2$ echo "$"$arg""
$ok

bash-3.2$ arg=-n
bash-3.2$ echo $arg salut
salutbash-3.2$ 

 arg=-n
msh-0.1> echo $arg salut
salutmsh-0.1> echo $arg$arg salut
-n-n salut
msh-0.1> echo $arg $arg salut


Corriger ceci ::
msh-0.1> <<stop cat | echo salut
> peoiepie
> ioipeoie
salut
msh-0.1> 

heredoc sans fork?
regler cat /dev/null | ls (reste cat dans ps quand ^C en plus du fait que ça ne s'arrete pas

bash-3.2$ PWD=caca
bash-3.2$ env | grep PWD
OLDPWD=/Users/daniel_mercadiel/Documents/42/42Cursus/minishell
PWD=caca
bash-3.2$ cd srcs
bash: cd: srcs: No such file or directory
bash-3.2$ cd ..
bash-3.2$ env | grep PWD
OLDPWD=caca
PWD=/Users/daniel_mercadiel/Documents/42/42Cursus/minishell
bash-3.2$ cd srcs/
bash-3.2$ env | grep PWD
OLDPWD=/Users/daniel_mercadiel/Documents/42/42Cursus/minishell
PWD=/Users/daniel_mercadiel/Documents/42/42Cursus/minishell/srcs
bash-3.2$ 

bash-3.2$ unset HOME
bash-3.2$ cd
bash: cd: HOME not set

the_current_working_directory is saved in builtin pwd of bash

dans TOTO/TATA dont TOTO supprimé

bash-3.2$ pwd
pwd: error retrieving current directory: getcwd: cannot access parent directories: No such file or directory
bash-3.2$ cd ..
chdir: error retrieving current directory: getcwd: cannot access parent directories: No such file or directory
bash-3.2$ pwd
..
bash-3.2$ cd ..
bash-3.2$ pwd
../..
bash-3.2$ cd swap_push/
bash-3.2$ pwd
../../swap_push
bash-3.2$ cd ..
bash-3.2$ pwd
/Users/daniel_mercadiel/Documents
bash-3.2$ 
wow


bash-3.2$ pwd
pwd: error retrieving current directory: getcwd: cannot access parent directories: No such file or directory
bash-3.2$ echo $?
1 <<<<------

bash-3.2$ cd .
cd: error retrieving current directory: getcwd: cannot access parent directories: No such file or directory
bash-3.2$ pwd
/Users/daniel_mercadiel/Documents/42/42Cursus/minishell/TOTO/.
bash-3.2$ cd .
cd: error retrieving current directory: getcwd: cannot access parent directories: No such file or directory
bash-3.2$ pwd
/Users/daniel_mercadiel/Documents/42/42Cursus/minishell/TOTO/./.



bash-3.2$ export AAAAAAAA
bash-3.2$ export BBBBBBBB=
bash-3.2$ export CCCCCCCC=""
bash-3.2$ export | grep AAAAAA
declare -x AAAAAAAA
bash-3.2$ export | grep BBBBBB
declare -x BBBBBBBB=""
bash-3.2$ export | grep CCCCCC
declare -x CCCCCCCC=""

bash-3.2$ env | grep AAAAAA
bash-3.2$ env | grep BBBBBB
BBBBBBBB=
bash-3.2$ env | grep CCCCCC
CCCCCCCC=


_=/usr/bin/env
bash-3.2$ env | grep TOTO
bash-3.2$ TOTO=1
bash-3.2$ env | grep TOTO
TOTO=1
bash-3.2$ export TATA
bash-3.2$ TATA=45
bash-3.2$ echo haha | echo $TATA
45
bash-3.2$ 
msh-0.1> <file echo <file1 salut <file2 toi
salut toi

echo $?
0
bash-3.2$ echo salut | sleep 10
^C
bash-3.2$ echo $?
130
bash-3.2$ sleep 10 | kjhkjhkjhjkh
bash: kjhkjhkjhjkh: command not found
^C
bash-3.2$ echo $?
127
bash-3.2$ sleep 10 | echo $?
0
^C
bash-3.2$ lkjlkjlkjklj
bash: lkjlkjlkjklj: command not found
bash-3.2$ sleep 10 | echo $?
0
^C
bash-3.2$ jkhkjhkjh
bash: jkhkjhkjh: command not found
bash-3.2$ echo $? >> file10 | sleep 10 | echo $?
0
^C
bash-3.2$ echo $?
0
bash-3.2$ ;2A;2B


msh-0.1> echo test &&& echo salut
test
msh: &: command not found